Polynomial expansions:
(x-1)^0 = 1
(x-1)^1 = x-1
(x-1)^2 = x^2-2x+1
(x-1)^3 = x^3-3x^2+3x-1
(x-1)^4 = x^4-4x^3+6x^2-4x+1
(x-1)^5 = x^5-5x^4+10x^3-10x^2+5x-1
(x-1)^6 = x^6-6x^5+15x^4-20x^3+15x^2-6x+1
(x-1)^7 = x^7-7x^6+21x^5-35x^4+35x^3-21x^2+7x-1

Primes <= 66 are : [2,3,5,7,11,13,17,19,23,29,31,37,41,43,47,53,59,61]
