start @ | classification  | sequence
     11 | terminating     | [11,1,0]
     12 | cyclic          | [12,16,15,9,4,3]
     28 | perfect         | [28]
    496 | perfect         | [496]
    220 | amicable        | [220,284]
   1184 | amicable        | [1184,1210]
  12496 | social          | [12496,14288,15472,14536,14264]
1264460 | social          | [1264460,1547860,1727636,1305184]
    790 | aspiring        | [790,650,652,496]
    909 | aspiring        | [909,417,143,25,6]
    562 | cyclic          | [562,284,220]
   1064 | cyclic          | [1064,1336,1184,1210]
   1488 | non-terminating | [1488,2480,3472,4464,8432,9424,10416,21328,22320,55056,95728,96720,236592,459792,881392,882384,1474608]
