[]               o.k.
[[]]             o.k.
][[][]           NOT o.k.
]]][[][[         NOT o.k.
[]]][[[]][       NOT o.k.
[[]]]][[[]][     NOT o.k.
[[[]]][]]][[][   NOT o.k.
[]]]]][][[][[[][ NOT o.k.
