File demos/barnsleyFern.png was generated.
E21665F62BFC0623
