actual expected
   300  301.03
   177  176.09
   125  124.94
    96   96.91
    80   79.18
    67   66.95
    57   57.99
    53   51.15
    45   45.76
