abracadabra, baadbraraac, (0)
seesaw     , wasees     , (0)
elk        , lke        , (0)
grrrrrr    , rrrgrrr    , (5)
up         , pu         , (0)
a          , a          , (1)
