1+1/(1+1/(1+1/(1+1/(1+1/(1+...)))))    = 1.61803398875
1+1/(2+1/(2+1/(2+1/(2+1/(2+...)))))    = 1.414213562373
2+1/(1+1/(2+2/(3+3/(4+4/(5+...)))))    = 2.718281828459
3+1/(6+9/(6+25/(6+49/(6+81/(6+...))))) = 3.141592410972
