1+1/(1+1/(1+1/(1+1/(1+1/(1+...)))))    = 1.6180339887498948
1+1/(2+1/(2+1/(2+1/(2+1/(2+...)))))    = 1.414213562373095
2+1/(1+1/(2+2/(3+3/(4+4/(5+...)))))    = 2.7182818284590452
3+1/(6+9/(6+25/(6+49/(6+81/(6+...))))) = 3.1415924109719807
