Distribution of seven sided dice (100000 samples): 
0.14343
0.14294
0.14179
0.14388
0.14284
0.14152
0.1436
