File demos/fibMaze.png was generated.
-1448206987
