0: 2^1 = 2
1: 3^1*5^1 = 15
2: 3^1*5^2*11^1 = 825
3: 5^2*29^1 = 725
4: 5^2*7^1*11^1 = 1925
5: 5^2*7^1*13^1 = 2275
6: 5^2*17^1 = 425
7: 2^1*3^1*5^1*13^1 = 390
8: 2^1*3^1*5^1*11^1 = 330
9: 2^1*5^1*29^1 = 290
10: 2^1*5^1*7^1*11^1 = 770
11: 2^1*5^1*7^1*13^1 = 910
12: 2^1*5^1*17^1 = 170
13: 2^2*3^1*13^1 = 156
14: 2^2*3^1*11^1 = 132
15: 2^2*29^1 = 116
16: 2^2*7^1*11^1 = 308
17: 2^2*7^1*13^1 = 364
18: 2^2*17^1 = 68
19: 2^2 = 4
20: 2^1*3^1*5^1 = 30
21: 3^2*5^2 = 225
22: 3^2*5^3*11^1 = 12375
23: 3^1*5^3*29^1 = 10875
24: 3^1*5^3*7^1*11^1 = 28875
25: 5^3*7^1*29^1 = 25375
26: 5^3*7^2*11^1 = 67375
27: 5^3*7^2*13^1 = 79625
28: 5^3*7^1*17^1 = 14875
29: 2^1*3^1*5^2*7^1*13^1 = 13650
30: 2^1*3^1*5^2*17^1 = 2550
----------------------------------
0: 2^1 = 2
19: 2^2 = 4
69: 2^3 = 8
280: 2^5 = 32
707: 2^7 = 128
2363: 2^11 = 2048
3876: 2^13 = 8192
8068: 2^17 = 131072
11319: 2^19 = 524288
19201: 2^23 = 8388608
36866: 2^29 = 536870912
45551: 2^31 = 2147483648
75224: 2^37 = 137438953472
101112: 2^41 = 2199023255552
117831: 2^43 = 8796093022208
152025: 2^47 = 140737488355328
215384: 2^53 = 9007199254740992
293375: 2^59 = 576460752303423488
327020: 2^61 = 2305843009213693952
428553: 2^67 = 0
