Warning : Cannot resolve identifier "turtlePos" using dynamic scoping (expecting a block-local variable for this identifier) as a fallback. @packages\turtleGfx.mnh:21,18
-1343655186
