D9BEFDE53BC7B8D2
Warning @regTest/../regTest/hash.mnh:1,1 Unused private subrule halfBytes(i>=0)
