  This is a simple text...
       with a \ which would have to be escaped otherwise.
    And indentations of course.
