See http://rosettacode.org/wiki/Huffman_coding
Analyzing file: demos\inputs\unixdict.txt
 code             char
 1011011100011100 "0"
 1011011100011101 "2"
 1011011100011110 "3"
 1011011100011111 "4"
 101101110000000  "5"
 101101110000001  "6"
 101101110000010  "7"
 101101110000011  "8"
 101101110001100  "9"
 101101110001101  "1"
 1011011100001    "&"
 1011011100010    "."
 10110111001      "'"
 1011011101       "q"
 101101100        "j"
 101101101        "z"
 101101111        "x"
 1011000          "v"
 1011001          "k"
 1011010          "w"
 011100           "f"
 011101           "y"
 110100           "b"
 110101           "g"
 111110           "h"
 111111           "p"
 00000            "d"
 00001            "m"
 01111            "u"
 10111            "c"
 11011            "l"
 11110            "s"
 0001             "n"
 0110             "o"
 1000             "t"
 1001             "r"
 1010             "i"
 1100             "a"
 1110             "e"
 001              "\r"
 010              "\n"
