File demos/kochCurve.png was generated.
1984174190
