Warning : Cannot resolve identifier "turtlePos" using dynamic scoping (expecting a block-local variable for this identifier) as a fallback. @packages/turtleGfx.mnh:21,18
[[0,0],[0.0,1.0],[1.0,1.0],[1.0,0.0],[3.0,0.0],[3.0,1.0],[2.0,1.0],[2.0,2.0],[3.0,2.0],[3.0,3.0],[1.0,3.0],[1.0,2.0],[0.0,2.0],[0.0,4.0],[1.0,4.0],[1.0,5.0],[0.0,5.0],[0.0,7.0],[1.0,7.0],[1.0,6.0],[2.0,6.0],[2.0,7.0],[3.0,7.0],[3.0,5.0],[2.0,5.0],[2.0,4.0],[4.0,4.0],[5.0,4.0],[5.0,5.0],[4.0,5.0],[4.0,7.0],[5.0,7.0],[5.0,6.0],[6.0,6.0],[6.0,7.0],[7.0,7.0],[7.0,5.0],[6.0,5.0],[6.0,4.0],[7.0,4.0],[7.0,2.0],[6.0,2.0],[6.0,3.0],[4.0,3.0],[4.0,2.0],[5.0,2.0],[5.0,1.0],[4.0,1.0],[4.0,0.0],[6.0,0.0],[6.0,1.0],[7.0,1.0],[7.0,0.0]]
