Row #1: series A, error vs. summand count
Row #2: series B, error vs. summand count
Row #3: series A, error vs. time
Row #4: series B, error vs. time
73971ECB2A35DB12
