primes(100)          = [2,3,5,7,11,13,17,19,23,29,31,37,41,43,47,53,59,61,67,71,73,79,83,89,97]
factorize(121350)    = [2,3,5,5,809]
dividers(121350)     = [1,2,3,5,6,10,15,25,30,50,75,150,809,1618,2427,4045,4854,8090,12135,20225,24270,40450,60675]
dividerSum(121350)   = 179970
dividerPairs(121350) = [[2,60675],[3,40450],[5,24270],[6,20225],[10,12135],[15,8090],[25,4854],[30,4045],[50,2427],[75,1618],[150,809]]
