["0099","2029","102219","10212219","10313219","1031122319","1041222319","103132131419","105112331419","10511223141519","10612213142519","1051321314151619","1071122314251619","106132131415161719","108112231415261719","10713213141516171819","10911223141516271819","10813213141516171829","10812223141516172819","10714213141516172819","10812213241516271819"]
