Found 158 Semordnilaps
Examples: ['sri','irs']
          ['zap','paz']
          ['plug','gulp']
          ['sub','bus']
          ['pooh','hoop']
