Found 166 Semordnilaps
Examples: ['mit','tim']
          ['room','moor']
          ['nit','tin']
          ['ac','ca']
          ['able','elba']
