mean([1, 2, 3.2,-1.8])        = 1.1
variance([1, 2, 3.2,-1.8])    = 3.41
median(random(100))           = 0.548813502304256
decils(round(random(1000), 3)) = [0.0,0.098,0.212,0.3,0.401,0.491,0.591,0.692,0.798,0.905,0.999]
