Warning : Cannot resolve identifier "turtlePos" using dynamic scoping (expecting a block-local variable for this identifier) as a fallback. @turtleGfx.mnh:21,18
93A19332E41163E3
