I biased unbiased
3 33.68% 50.67%
4 24.70% 49.87%
5 19.76% 49.72%
6 16.60% 50.35%
