 decimal   binary Zeckendorf
       1        1          1
       2       10         10
       3       11        100
       4      100        101
       5      101       1000
      17    10001     100101
     100  1100100 1000010100
     255 11111111 1000010000

      bits rel. overhead
 1    1.00        1.0000
 2    2.50        1.2500
 3    3.75        1.2500
 4    5.38        1.3438
 5    6.69        1.3375
 6    8.22        1.3698
 7    9.61        1.3728
 8   11.05        1.3818
 9   12.53        1.3919
10   13.88        1.3881
11   15.44        1.4037
12   16.74        1.3949
